// Jest Snapshot v1, https://goo.gl/fbAQLP

exports[`Game Engine Snapshot Tests Empty Instance 1`] = `
Object {
  "id": -1,
  "modifier": -1,
  "player": -1,
}
`;
